// Jest Snapshot v1, https://goo.gl/fbAQLP

exports[`Generates the list correctly 1`] = `
ShallowWrapper {
  "length": 1,
  Symbol(enzyme.__root__): [Circular],
  Symbol(enzyme.__unrendered__): <ListSelection
    items={
        Array [
            Object {
              "count": 979,
              "id": "fbe05463-a538-47aa-b4f1-654faa0a5b82",
              "image": "misc-bar.svg",
              "isMarketplace": true,
              "name": "Granulated Sugar",
              "price": Object {
                "breakdown": Object {
                  "VAT": 0,
                  "creditCardFee": 0,
                  "donation": 0,
                  "handlingFee": 0,
                  "serviceFee": 1,
                  "wholesaleCost": 5,
                },
                "total": 6,
              },
              "qualifier": "2 Teaspoons",
              "sellerId": "318ff9ec-4cd3-4eff-8f12-76f1e3ffa835",
            },
            Object {
              "count": 0,
              "id": "f589039e-c93b-45c1-99fc-1ee457ecb570",
              "image": "misc-crisps.svg",
              "isMarketplace": false,
              "name": "Wotsits",
              "price": Object {
                "breakdown": Object {
                  "VAT": 0,
                  "creditCardFee": 0,
                  "donation": 0,
                  "handlingFee": 0,
                  "serviceFee": 3,
                  "wholesaleCost": 22,
                },
                "total": 25,
              },
              "qualifier": null,
              "sellerId": "9127e1db-2a2c-41c5-908f-781ac816b633",
            },
            Object {
              "count": -8,
              "id": "e615de4e-ce10-451b-80ad-9717662a904a",
              "image": "pepsi-max-can.svg",
              "isMarketplace": false,
              "name": "Pepsi Max",
              "price": Object {
                "breakdown": Object {
                  "VAT": 0,
                  "creditCardFee": 0,
                  "donation": 0,
                  "handlingFee": 0,
                  "serviceFee": 4,
                  "wholesaleCost": 34,
                },
                "total": 38,
              },
              "qualifier": null,
              "sellerId": "9127e1db-2a2c-41c5-908f-781ac816b633",
            },
          ]
    }
    onClick={[Function]}
/>,
  Symbol(enzyme.__renderer__): Object {
    "batchedUpdates": [Function],
    "getNode": [Function],
    "render": [Function],
    "simulateEvent": [Function],
    "unmount": [Function],
  },
  Symbol(enzyme.__node__): Object {
    "instance": null,
    "key": undefined,
    "nodeType": "host",
    "props": Object {
      "children": Array [
        <div>
          <p
                    className="list-selection list-selection--list-text list-selection--list-text--group-header"
          >
                    G
          </p>
          <img
                    alt=""
                    src="line.svg"
          />
          <div
                    className="list-selection list-selection--list-item undefined-holder"
                    data-key="fbe05463-a538-47aa-b4f1-654faa0a5b82"
                    onClick={[Function]}
          >
                    <img
                              alt=""
                              className="list-selection list-selection--item-icon undefined"
                              data-key="fbe05463-a538-47aa-b4f1-654faa0a5b82"
                              src="misc-bar.svg"
                              style={
                                        Object {
                                                  "height": undefined,
                                                  "width": undefined,
                                                }
                              }
                    />
                    <p
                              className="list-selection list-selection--list-text list-selection--list-text--item-name"
                              data-key="fbe05463-a538-47aa-b4f1-654faa0a5b82"
                    >
                              Granulated Sugar
                    </p>
          </div>
</div>,
        <div>
          <p
                    className="list-selection list-selection--list-text list-selection--list-text--group-header"
          >
                    P
          </p>
          <img
                    alt=""
                    src="line.svg"
          />
          <div
                    className="list-selection list-selection--list-item undefined-holder"
                    data-key="e615de4e-ce10-451b-80ad-9717662a904a"
                    onClick={[Function]}
          >
                    <img
                              alt=""
                              className="list-selection list-selection--item-icon undefined"
                              data-key="e615de4e-ce10-451b-80ad-9717662a904a"
                              src="pepsi-max-can.svg"
                              style={
                                        Object {
                                                  "height": undefined,
                                                  "width": undefined,
                                                }
                              }
                    />
                    <p
                              className="list-selection list-selection--list-text list-selection--list-text--item-name"
                              data-key="e615de4e-ce10-451b-80ad-9717662a904a"
                    >
                              Pepsi Max
                    </p>
          </div>
</div>,
        <div>
          <p
                    className="list-selection list-selection--list-text list-selection--list-text--group-header"
          >
                    W
          </p>
          <img
                    alt=""
                    src="line.svg"
          />
          <div
                    className="list-selection list-selection--list-item undefined-holder"
                    data-key="f589039e-c93b-45c1-99fc-1ee457ecb570"
                    onClick={[Function]}
          >
                    <img
                              alt=""
                              className="list-selection list-selection--item-icon undefined"
                              data-key="f589039e-c93b-45c1-99fc-1ee457ecb570"
                              src="misc-crisps.svg"
                              style={
                                        Object {
                                                  "height": undefined,
                                                  "width": undefined,
                                                }
                              }
                    />
                    <p
                              className="list-selection list-selection--list-text list-selection--list-text--item-name"
                              data-key="f589039e-c93b-45c1-99fc-1ee457ecb570"
                    >
                              Wotsits
                    </p>
          </div>
</div>,
      ],
      "className": "list-selection list-selection--body",
    },
    "ref": null,
    "rendered": Array [
      Object {
        "instance": null,
        "key": "G",
        "nodeType": "host",
        "props": Object {
          "children": Array [
            <p
              className="list-selection list-selection--list-text list-selection--list-text--group-header"
>
              G
</p>,
            <img
              alt=""
              src="line.svg"
/>,
            Array [
              <div
                className="list-selection list-selection--list-item undefined-holder"
                data-key="fbe05463-a538-47aa-b4f1-654faa0a5b82"
                onClick={[Function]}
>
                <img
                                alt=""
                                className="list-selection list-selection--item-icon undefined"
                                data-key="fbe05463-a538-47aa-b4f1-654faa0a5b82"
                                src="misc-bar.svg"
                                style={
                                                Object {
                                                                "height": undefined,
                                                                "width": undefined,
                                                              }
                                }
                />
                <p
                                className="list-selection list-selection--list-text list-selection--list-text--item-name"
                                data-key="fbe05463-a538-47aa-b4f1-654faa0a5b82"
                >
                                Granulated Sugar
                </p>
</div>,
            ],
          ],
        },
        "ref": null,
        "rendered": Array [
          Object {
            "instance": null,
            "key": undefined,
            "nodeType": "host",
            "props": Object {
              "children": "G",
              "className": "list-selection list-selection--list-text list-selection--list-text--group-header",
            },
            "ref": null,
            "rendered": "G",
            "type": "p",
          },
          Object {
            "instance": null,
            "key": undefined,
            "nodeType": "host",
            "props": Object {
              "alt": "",
              "src": "line.svg",
            },
            "ref": null,
            "rendered": null,
            "type": "img",
          },
          Object {
            "instance": null,
            "key": "fbe05463-a538-47aa-b4f1-654faa0a5b82",
            "nodeType": "host",
            "props": Object {
              "children": Array [
                <img
                  alt=""
                  className="list-selection list-selection--item-icon undefined"
                  data-key="fbe05463-a538-47aa-b4f1-654faa0a5b82"
                  src="misc-bar.svg"
                  style={
                                    Object {
                                                      "height": undefined,
                                                      "width": undefined,
                                                    }
                  }
/>,
                <p
                  className="list-selection list-selection--list-text list-selection--list-text--item-name"
                  data-key="fbe05463-a538-47aa-b4f1-654faa0a5b82"
>
                  Granulated Sugar
</p>,
              ],
              "className": "list-selection list-selection--list-item undefined-holder",
              "data-key": "fbe05463-a538-47aa-b4f1-654faa0a5b82",
              "onClick": [Function],
            },
            "ref": null,
            "rendered": Array [
              Object {
                "instance": null,
                "key": undefined,
                "nodeType": "host",
                "props": Object {
                  "alt": "",
                  "className": "list-selection list-selection--item-icon undefined",
                  "data-key": "fbe05463-a538-47aa-b4f1-654faa0a5b82",
                  "src": "misc-bar.svg",
                  "style": Object {
                    "height": undefined,
                    "width": undefined,
                  },
                },
                "ref": null,
                "rendered": null,
                "type": "img",
              },
              Object {
                "instance": null,
                "key": undefined,
                "nodeType": "host",
                "props": Object {
                  "children": "Granulated Sugar",
                  "className": "list-selection list-selection--list-text list-selection--list-text--item-name",
                  "data-key": "fbe05463-a538-47aa-b4f1-654faa0a5b82",
                },
                "ref": null,
                "rendered": "Granulated Sugar",
                "type": "p",
              },
            ],
            "type": "div",
          },
        ],
        "type": "div",
      },
      Object {
        "instance": null,
        "key": "P",
        "nodeType": "host",
        "props": Object {
          "children": Array [
            <p
              className="list-selection list-selection--list-text list-selection--list-text--group-header"
>
              P
</p>,
            <img
              alt=""
              src="line.svg"
/>,
            Array [
              <div
                className="list-selection list-selection--list-item undefined-holder"
                data-key="e615de4e-ce10-451b-80ad-9717662a904a"
                onClick={[Function]}
>
                <img
                                alt=""
                                className="list-selection list-selection--item-icon undefined"
                                data-key="e615de4e-ce10-451b-80ad-9717662a904a"
                                src="pepsi-max-can.svg"
                                style={
                                                Object {
                                                                "height": undefined,
                                                                "width": undefined,
                                                              }
                                }
                />
                <p
                                className="list-selection list-selection--list-text list-selection--list-text--item-name"
                                data-key="e615de4e-ce10-451b-80ad-9717662a904a"
                >
                                Pepsi Max
                </p>
</div>,
            ],
          ],
        },
        "ref": null,
        "rendered": Array [
          Object {
            "instance": null,
            "key": undefined,
            "nodeType": "host",
            "props": Object {
              "children": "P",
              "className": "list-selection list-selection--list-text list-selection--list-text--group-header",
            },
            "ref": null,
            "rendered": "P",
            "type": "p",
          },
          Object {
            "instance": null,
            "key": undefined,
            "nodeType": "host",
            "props": Object {
              "alt": "",
              "src": "line.svg",
            },
            "ref": null,
            "rendered": null,
            "type": "img",
          },
          Object {
            "instance": null,
            "key": "e615de4e-ce10-451b-80ad-9717662a904a",
            "nodeType": "host",
            "props": Object {
              "children": Array [
                <img
                  alt=""
                  className="list-selection list-selection--item-icon undefined"
                  data-key="e615de4e-ce10-451b-80ad-9717662a904a"
                  src="pepsi-max-can.svg"
                  style={
                                    Object {
                                                      "height": undefined,
                                                      "width": undefined,
                                                    }
                  }
/>,
                <p
                  className="list-selection list-selection--list-text list-selection--list-text--item-name"
                  data-key="e615de4e-ce10-451b-80ad-9717662a904a"
>
                  Pepsi Max
</p>,
              ],
              "className": "list-selection list-selection--list-item undefined-holder",
              "data-key": "e615de4e-ce10-451b-80ad-9717662a904a",
              "onClick": [Function],
            },
            "ref": null,
            "rendered": Array [
              Object {
                "instance": null,
                "key": undefined,
                "nodeType": "host",
                "props": Object {
                  "alt": "",
                  "className": "list-selection list-selection--item-icon undefined",
                  "data-key": "e615de4e-ce10-451b-80ad-9717662a904a",
                  "src": "pepsi-max-can.svg",
                  "style": Object {
                    "height": undefined,
                    "width": undefined,
                  },
                },
                "ref": null,
                "rendered": null,
                "type": "img",
              },
              Object {
                "instance": null,
                "key": undefined,
                "nodeType": "host",
                "props": Object {
                  "children": "Pepsi Max",
                  "className": "list-selection list-selection--list-text list-selection--list-text--item-name",
                  "data-key": "e615de4e-ce10-451b-80ad-9717662a904a",
                },
                "ref": null,
                "rendered": "Pepsi Max",
                "type": "p",
              },
            ],
            "type": "div",
          },
        ],
        "type": "div",
      },
      Object {
        "instance": null,
        "key": "W",
        "nodeType": "host",
        "props": Object {
          "children": Array [
            <p
              className="list-selection list-selection--list-text list-selection--list-text--group-header"
>
              W
</p>,
            <img
              alt=""
              src="line.svg"
/>,
            Array [
              <div
                className="list-selection list-selection--list-item undefined-holder"
                data-key="f589039e-c93b-45c1-99fc-1ee457ecb570"
                onClick={[Function]}
>
                <img
                                alt=""
                                className="list-selection list-selection--item-icon undefined"
                                data-key="f589039e-c93b-45c1-99fc-1ee457ecb570"
                                src="misc-crisps.svg"
                                style={
                                                Object {
                                                                "height": undefined,
                                                                "width": undefined,
                                                              }
                                }
                />
                <p
                                className="list-selection list-selection--list-text list-selection--list-text--item-name"
                                data-key="f589039e-c93b-45c1-99fc-1ee457ecb570"
                >
                                Wotsits
                </p>
</div>,
            ],
          ],
        },
        "ref": null,
        "rendered": Array [
          Object {
            "instance": null,
            "key": undefined,
            "nodeType": "host",
            "props": Object {
              "children": "W",
              "className": "list-selection list-selection--list-text list-selection--list-text--group-header",
            },
            "ref": null,
            "rendered": "W",
            "type": "p",
          },
          Object {
            "instance": null,
            "key": undefined,
            "nodeType": "host",
            "props": Object {
              "alt": "",
              "src": "line.svg",
            },
            "ref": null,
            "rendered": null,
            "type": "img",
          },
          Object {
            "instance": null,
            "key": "f589039e-c93b-45c1-99fc-1ee457ecb570",
            "nodeType": "host",
            "props": Object {
              "children": Array [
                <img
                  alt=""
                  className="list-selection list-selection--item-icon undefined"
                  data-key="f589039e-c93b-45c1-99fc-1ee457ecb570"
                  src="misc-crisps.svg"
                  style={
                                    Object {
                                                      "height": undefined,
                                                      "width": undefined,
                                                    }
                  }
/>,
                <p
                  className="list-selection list-selection--list-text list-selection--list-text--item-name"
                  data-key="f589039e-c93b-45c1-99fc-1ee457ecb570"
>
                  Wotsits
</p>,
              ],
              "className": "list-selection list-selection--list-item undefined-holder",
              "data-key": "f589039e-c93b-45c1-99fc-1ee457ecb570",
              "onClick": [Function],
            },
            "ref": null,
            "rendered": Array [
              Object {
                "instance": null,
                "key": undefined,
                "nodeType": "host",
                "props": Object {
                  "alt": "",
                  "className": "list-selection list-selection--item-icon undefined",
                  "data-key": "f589039e-c93b-45c1-99fc-1ee457ecb570",
                  "src": "misc-crisps.svg",
                  "style": Object {
                    "height": undefined,
                    "width": undefined,
                  },
                },
                "ref": null,
                "rendered": null,
                "type": "img",
              },
              Object {
                "instance": null,
                "key": undefined,
                "nodeType": "host",
                "props": Object {
                  "children": "Wotsits",
                  "className": "list-selection list-selection--list-text list-selection--list-text--item-name",
                  "data-key": "f589039e-c93b-45c1-99fc-1ee457ecb570",
                },
                "ref": null,
                "rendered": "Wotsits",
                "type": "p",
              },
            ],
            "type": "div",
          },
        ],
        "type": "div",
      },
    ],
    "type": "div",
  },
  Symbol(enzyme.__nodes__): Array [
    Object {
      "instance": null,
      "key": undefined,
      "nodeType": "host",
      "props": Object {
        "children": Array [
          <div>
            <p
                        className="list-selection list-selection--list-text list-selection--list-text--group-header"
            >
                        G
            </p>
            <img
                        alt=""
                        src="line.svg"
            />
            <div
                        className="list-selection list-selection--list-item undefined-holder"
                        data-key="fbe05463-a538-47aa-b4f1-654faa0a5b82"
                        onClick={[Function]}
            >
                        <img
                                    alt=""
                                    className="list-selection list-selection--item-icon undefined"
                                    data-key="fbe05463-a538-47aa-b4f1-654faa0a5b82"
                                    src="misc-bar.svg"
                                    style={
                                                Object {
                                                            "height": undefined,
                                                            "width": undefined,
                                                          }
                                    }
                        />
                        <p
                                    className="list-selection list-selection--list-text list-selection--list-text--item-name"
                                    data-key="fbe05463-a538-47aa-b4f1-654faa0a5b82"
                        >
                                    Granulated Sugar
                        </p>
            </div>
</div>,
          <div>
            <p
                        className="list-selection list-selection--list-text list-selection--list-text--group-header"
            >
                        P
            </p>
            <img
                        alt=""
                        src="line.svg"
            />
            <div
                        className="list-selection list-selection--list-item undefined-holder"
                        data-key="e615de4e-ce10-451b-80ad-9717662a904a"
                        onClick={[Function]}
            >
                        <img
                                    alt=""
                                    className="list-selection list-selection--item-icon undefined"
                                    data-key="e615de4e-ce10-451b-80ad-9717662a904a"
                                    src="pepsi-max-can.svg"
                                    style={
                                                Object {
                                                            "height": undefined,
                                                            "width": undefined,
                                                          }
                                    }
                        />
                        <p
                                    className="list-selection list-selection--list-text list-selection--list-text--item-name"
                                    data-key="e615de4e-ce10-451b-80ad-9717662a904a"
                        >
                                    Pepsi Max
                        </p>
            </div>
</div>,
          <div>
            <p
                        className="list-selection list-selection--list-text list-selection--list-text--group-header"
            >
                        W
            </p>
            <img
                        alt=""
                        src="line.svg"
            />
            <div
                        className="list-selection list-selection--list-item undefined-holder"
                        data-key="f589039e-c93b-45c1-99fc-1ee457ecb570"
                        onClick={[Function]}
            >
                        <img
                                    alt=""
                                    className="list-selection list-selection--item-icon undefined"
                                    data-key="f589039e-c93b-45c1-99fc-1ee457ecb570"
                                    src="misc-crisps.svg"
                                    style={
                                                Object {
                                                            "height": undefined,
                                                            "width": undefined,
                                                          }
                                    }
                        />
                        <p
                                    className="list-selection list-selection--list-text list-selection--list-text--item-name"
                                    data-key="f589039e-c93b-45c1-99fc-1ee457ecb570"
                        >
                                    Wotsits
                        </p>
            </div>
</div>,
        ],
        "className": "list-selection list-selection--body",
      },
      "ref": null,
      "rendered": Array [
        Object {
          "instance": null,
          "key": "G",
          "nodeType": "host",
          "props": Object {
            "children": Array [
              <p
                className="list-selection list-selection--list-text list-selection--list-text--group-header"
>
                G
</p>,
              <img
                alt=""
                src="line.svg"
/>,
              Array [
                <div
                  className="list-selection list-selection--list-item undefined-holder"
                  data-key="fbe05463-a538-47aa-b4f1-654faa0a5b82"
                  onClick={[Function]}
>
                  <img
                                    alt=""
                                    className="list-selection list-selection--item-icon undefined"
                                    data-key="fbe05463-a538-47aa-b4f1-654faa0a5b82"
                                    src="misc-bar.svg"
                                    style={
                                                      Object {
                                                                        "height": undefined,
                                                                        "width": undefined,
                                                                      }
                                    }
                  />
                  <p
                                    className="list-selection list-selection--list-text list-selection--list-text--item-name"
                                    data-key="fbe05463-a538-47aa-b4f1-654faa0a5b82"
                  >
                                    Granulated Sugar
                  </p>
</div>,
              ],
            ],
          },
          "ref": null,
          "rendered": Array [
            Object {
              "instance": null,
              "key": undefined,
              "nodeType": "host",
              "props": Object {
                "children": "G",
                "className": "list-selection list-selection--list-text list-selection--list-text--group-header",
              },
              "ref": null,
              "rendered": "G",
              "type": "p",
            },
            Object {
              "instance": null,
              "key": undefined,
              "nodeType": "host",
              "props": Object {
                "alt": "",
                "src": "line.svg",
              },
              "ref": null,
              "rendered": null,
              "type": "img",
            },
            Object {
              "instance": null,
              "key": "fbe05463-a538-47aa-b4f1-654faa0a5b82",
              "nodeType": "host",
              "props": Object {
                "children": Array [
                  <img
                    alt=""
                    className="list-selection list-selection--item-icon undefined"
                    data-key="fbe05463-a538-47aa-b4f1-654faa0a5b82"
                    src="misc-bar.svg"
                    style={
                                        Object {
                                                            "height": undefined,
                                                            "width": undefined,
                                                          }
                    }
/>,
                  <p
                    className="list-selection list-selection--list-text list-selection--list-text--item-name"
                    data-key="fbe05463-a538-47aa-b4f1-654faa0a5b82"
>
                    Granulated Sugar
</p>,
                ],
                "className": "list-selection list-selection--list-item undefined-holder",
                "data-key": "fbe05463-a538-47aa-b4f1-654faa0a5b82",
                "onClick": [Function],
              },
              "ref": null,
              "rendered": Array [
                Object {
                  "instance": null,
                  "key": undefined,
                  "nodeType": "host",
                  "props": Object {
                    "alt": "",
                    "className": "list-selection list-selection--item-icon undefined",
                    "data-key": "fbe05463-a538-47aa-b4f1-654faa0a5b82",
                    "src": "misc-bar.svg",
                    "style": Object {
                      "height": undefined,
                      "width": undefined,
                    },
                  },
                  "ref": null,
                  "rendered": null,
                  "type": "img",
                },
                Object {
                  "instance": null,
                  "key": undefined,
                  "nodeType": "host",
                  "props": Object {
                    "children": "Granulated Sugar",
                    "className": "list-selection list-selection--list-text list-selection--list-text--item-name",
                    "data-key": "fbe05463-a538-47aa-b4f1-654faa0a5b82",
                  },
                  "ref": null,
                  "rendered": "Granulated Sugar",
                  "type": "p",
                },
              ],
              "type": "div",
            },
          ],
          "type": "div",
        },
        Object {
          "instance": null,
          "key": "P",
          "nodeType": "host",
          "props": Object {
            "children": Array [
              <p
                className="list-selection list-selection--list-text list-selection--list-text--group-header"
>
                P
</p>,
              <img
                alt=""
                src="line.svg"
/>,
              Array [
                <div
                  className="list-selection list-selection--list-item undefined-holder"
                  data-key="e615de4e-ce10-451b-80ad-9717662a904a"
                  onClick={[Function]}
>
                  <img
                                    alt=""
                                    className="list-selection list-selection--item-icon undefined"
                                    data-key="e615de4e-ce10-451b-80ad-9717662a904a"
                                    src="pepsi-max-can.svg"
                                    style={
                                                      Object {
                                                                        "height": undefined,
                                                                        "width": undefined,
                                                                      }
                                    }
                  />
                  <p
                                    className="list-selection list-selection--list-text list-selection--list-text--item-name"
                                    data-key="e615de4e-ce10-451b-80ad-9717662a904a"
                  >
                                    Pepsi Max
                  </p>
</div>,
              ],
            ],
          },
          "ref": null,
          "rendered": Array [
            Object {
              "instance": null,
              "key": undefined,
              "nodeType": "host",
              "props": Object {
                "children": "P",
                "className": "list-selection list-selection--list-text list-selection--list-text--group-header",
              },
              "ref": null,
              "rendered": "P",
              "type": "p",
            },
            Object {
              "instance": null,
              "key": undefined,
              "nodeType": "host",
              "props": Object {
                "alt": "",
                "src": "line.svg",
              },
              "ref": null,
              "rendered": null,
              "type": "img",
            },
            Object {
              "instance": null,
              "key": "e615de4e-ce10-451b-80ad-9717662a904a",
              "nodeType": "host",
              "props": Object {
                "children": Array [
                  <img
                    alt=""
                    className="list-selection list-selection--item-icon undefined"
                    data-key="e615de4e-ce10-451b-80ad-9717662a904a"
                    src="pepsi-max-can.svg"
                    style={
                                        Object {
                                                            "height": undefined,
                                                            "width": undefined,
                                                          }
                    }
/>,
                  <p
                    className="list-selection list-selection--list-text list-selection--list-text--item-name"
                    data-key="e615de4e-ce10-451b-80ad-9717662a904a"
>
                    Pepsi Max
</p>,
                ],
                "className": "list-selection list-selection--list-item undefined-holder",
                "data-key": "e615de4e-ce10-451b-80ad-9717662a904a",
                "onClick": [Function],
              },
              "ref": null,
              "rendered": Array [
                Object {
                  "instance": null,
                  "key": undefined,
                  "nodeType": "host",
                  "props": Object {
                    "alt": "",
                    "className": "list-selection list-selection--item-icon undefined",
                    "data-key": "e615de4e-ce10-451b-80ad-9717662a904a",
                    "src": "pepsi-max-can.svg",
                    "style": Object {
                      "height": undefined,
                      "width": undefined,
                    },
                  },
                  "ref": null,
                  "rendered": null,
                  "type": "img",
                },
                Object {
                  "instance": null,
                  "key": undefined,
                  "nodeType": "host",
                  "props": Object {
                    "children": "Pepsi Max",
                    "className": "list-selection list-selection--list-text list-selection--list-text--item-name",
                    "data-key": "e615de4e-ce10-451b-80ad-9717662a904a",
                  },
                  "ref": null,
                  "rendered": "Pepsi Max",
                  "type": "p",
                },
              ],
              "type": "div",
            },
          ],
          "type": "div",
        },
        Object {
          "instance": null,
          "key": "W",
          "nodeType": "host",
          "props": Object {
            "children": Array [
              <p
                className="list-selection list-selection--list-text list-selection--list-text--group-header"
>
                W
</p>,
              <img
                alt=""
                src="line.svg"
/>,
              Array [
                <div
                  className="list-selection list-selection--list-item undefined-holder"
                  data-key="f589039e-c93b-45c1-99fc-1ee457ecb570"
                  onClick={[Function]}
>
                  <img
                                    alt=""
                                    className="list-selection list-selection--item-icon undefined"
                                    data-key="f589039e-c93b-45c1-99fc-1ee457ecb570"
                                    src="misc-crisps.svg"
                                    style={
                                                      Object {
                                                                        "height": undefined,
                                                                        "width": undefined,
                                                                      }
                                    }
                  />
                  <p
                                    className="list-selection list-selection--list-text list-selection--list-text--item-name"
                                    data-key="f589039e-c93b-45c1-99fc-1ee457ecb570"
                  >
                                    Wotsits
                  </p>
</div>,
              ],
            ],
          },
          "ref": null,
          "rendered": Array [
            Object {
              "instance": null,
              "key": undefined,
              "nodeType": "host",
              "props": Object {
                "children": "W",
                "className": "list-selection list-selection--list-text list-selection--list-text--group-header",
              },
              "ref": null,
              "rendered": "W",
              "type": "p",
            },
            Object {
              "instance": null,
              "key": undefined,
              "nodeType": "host",
              "props": Object {
                "alt": "",
                "src": "line.svg",
              },
              "ref": null,
              "rendered": null,
              "type": "img",
            },
            Object {
              "instance": null,
              "key": "f589039e-c93b-45c1-99fc-1ee457ecb570",
              "nodeType": "host",
              "props": Object {
                "children": Array [
                  <img
                    alt=""
                    className="list-selection list-selection--item-icon undefined"
                    data-key="f589039e-c93b-45c1-99fc-1ee457ecb570"
                    src="misc-crisps.svg"
                    style={
                                        Object {
                                                            "height": undefined,
                                                            "width": undefined,
                                                          }
                    }
/>,
                  <p
                    className="list-selection list-selection--list-text list-selection--list-text--item-name"
                    data-key="f589039e-c93b-45c1-99fc-1ee457ecb570"
>
                    Wotsits
</p>,
                ],
                "className": "list-selection list-selection--list-item undefined-holder",
                "data-key": "f589039e-c93b-45c1-99fc-1ee457ecb570",
                "onClick": [Function],
              },
              "ref": null,
              "rendered": Array [
                Object {
                  "instance": null,
                  "key": undefined,
                  "nodeType": "host",
                  "props": Object {
                    "alt": "",
                    "className": "list-selection list-selection--item-icon undefined",
                    "data-key": "f589039e-c93b-45c1-99fc-1ee457ecb570",
                    "src": "misc-crisps.svg",
                    "style": Object {
                      "height": undefined,
                      "width": undefined,
                    },
                  },
                  "ref": null,
                  "rendered": null,
                  "type": "img",
                },
                Object {
                  "instance": null,
                  "key": undefined,
                  "nodeType": "host",
                  "props": Object {
                    "children": "Wotsits",
                    "className": "list-selection list-selection--list-text list-selection--list-text--item-name",
                    "data-key": "f589039e-c93b-45c1-99fc-1ee457ecb570",
                  },
                  "ref": null,
                  "rendered": "Wotsits",
                  "type": "p",
                },
              ],
              "type": "div",
            },
          ],
          "type": "div",
        },
      ],
      "type": "div",
    },
  ],
  Symbol(enzyme.__options__): Object {
    "adapter": ReactSixteenAdapter {
      "options": Object {
        "enableComponentDidUpdateOnSetState": true,
      },
    },
  },
}
`;
